
Allocating common symbols
Common symbol       size              file

irq_counter         0x4               build/kernal_init.o

Memory Configuration

Name             Origin             Length             Attributes
*default*        0x00000000         0xffffffff

Linker script and memory map

LOAD build/char.o
LOAD build/framebuffer.o
LOAD build/mailbox.o
LOAD build/start.o
LOAD build/kernal_init.o

.init           0x00008000       0x40
 *(.init)
 .init          0x00008000       0x40 build/start.o
                0x00008000                _start

.text           0x00008040      0x230
 *(.text*)
 .text          0x00008040       0x24 build/char.o
                0x00008040                GetCharAddress
 .text          0x00008064       0x9c build/framebuffer.o
                0x00008064                WritePixel
                0x000080a0                InitialiseFrameBuffer
 .text          0x00008100       0x78 build/mailbox.o
                0x0000813c                MailboxRead
                0x00008108                MailboxWrite
                0x00008100                GetMailboxBase
 .text          0x00008178       0x78 build/start.o
                0x000081bc                TurnOnLight
                0x000081b4                PUT8
                0x000081ac                PUT16
                0x0000819c                GET32
                0x000081a4                PUT32
 .text          0x000081f0       0x80 build/kernal_init.o
                0x00008208                setup_framebuffer
                0x000081f0                irq_event_handler
                0x00008264                kernal_init

.glue_7         0x00008270        0x0
 .glue_7        0x00008270        0x0 build/char.o
 .glue_7        0x00008270        0x0 build/framebuffer.o
 .glue_7        0x00008270        0x0 build/mailbox.o
 .glue_7        0x00008270        0x0 build/start.o
 .glue_7        0x00008270        0x0 build/kernal_init.o

.glue_7t        0x00008270        0x0
 .glue_7t       0x00008270        0x0 build/char.o
 .glue_7t       0x00008270        0x0 build/framebuffer.o
 .glue_7t       0x00008270        0x0 build/mailbox.o
 .glue_7t       0x00008270        0x0 build/start.o
 .glue_7t       0x00008270        0x0 build/kernal_init.o

.vfp11_veneer   0x00008270        0x0
 .vfp11_veneer  0x00008270        0x0 build/char.o
 .vfp11_veneer  0x00008270        0x0 build/framebuffer.o
 .vfp11_veneer  0x00008270        0x0 build/mailbox.o
 .vfp11_veneer  0x00008270        0x0 build/start.o
 .vfp11_veneer  0x00008270        0x0 build/kernal_init.o

.janus_2cc_veneer
                0x00008270        0x0
 .janus_2cc_veneer
                0x00008270        0x0 build/char.o
 .janus_2cc_veneer
                0x00008270        0x0 build/framebuffer.o
 .janus_2cc_veneer
                0x00008270        0x0 build/mailbox.o
 .janus_2cc_veneer
                0x00008270        0x0 build/start.o
 .janus_2cc_veneer
                0x00008270        0x0 build/kernal_init.o

.v4_bx          0x00008270        0x0
 .v4_bx         0x00008270        0x0 build/char.o
 .v4_bx         0x00008270        0x0 build/framebuffer.o
 .v4_bx         0x00008270        0x0 build/mailbox.o
 .v4_bx         0x00008270        0x0 build/start.o
 .v4_bx         0x00008270        0x0 build/kernal_init.o

.data           0x00009000     0x2000
 *(.data)
 .data          0x00009000      0x800 build/char.o
 *fill*         0x00009800      0x800 00
 .data          0x0000a000     0x1000 build/framebuffer.o
                0x0000a000                FrameBufferInfo
 .data          0x0000b000        0x0 build/mailbox.o
 .data          0x0000b000        0x0 build/start.o
 .data          0x0000b000        0x0 build/kernal_init.o

.bss            0x0000b000        0x4
 *(.bss*)
 .bss           0x0000b000        0x0 build/char.o
 .bss           0x0000b000        0x0 build/framebuffer.o
 .bss           0x0000b000        0x0 build/mailbox.o
 .bss           0x0000b000        0x0 build/start.o
 .bss           0x0000b000        0x0 build/kernal_init.o
 COMMON         0x0000b000        0x4 build/kernal_init.o
                0x0000b000                irq_counter
OUTPUT(build/output.elf elf32-littlearm)

.ARM.attributes
                0x00000000       0x22
 .ARM.attributes
                0x00000000       0x14 build/char.o
 .ARM.attributes
                0x00000014       0x14 build/framebuffer.o
 .ARM.attributes
                0x00000028       0x14 build/mailbox.o
 .ARM.attributes
                0x0000003c       0x14 build/start.o
 .ARM.attributes
                0x00000050       0x2e build/kernal_init.o

.comment        0x00000000       0x2a
 .comment       0x00000000       0x2a build/kernal_init.o
